// Jest Snapshot v1, https://goo.gl/fbAQLP

exports[`<Container /> Should render the component 1`] = `
<div
  className="sc-bwzfXH ZoqEH"
>
  <header
    className="sc-htpNat dplynj"
  >
    <a
      href="/"
    >
      <img
        alt="Cuidas"
        className="sc-bdVaJa katCQl"
        src="logo.svg"
      />
    </a>
  </header>
  <div>
    My children text
  </div>
</div>
`;
